Minix 10.0.2.15 3.3.0 Minix 3.3.0 (GENERIC) i386
Hello! How are you?
