[
cat
chgrp
chmod
cp
cpio
date
df
echo
ed
expr
hostname
intr
kill
ksh
ln
loadkeys
ls
mkdir
mount
mv
netconf
pax
printconfig
printroot
pwd
readclock
rm
rmdir
service
setup
sh
sleep
stty
sync
sysenv
tar
test
umount
update_bootcfg
updateboot
Makefile
adm
ast
benchmarks
bin
etc
games
include
lib
libdata
libexec
log
man
mdec
pkg
preserve
run
sbin
share
spool
tests
tmp
var
[
cat
chgrp
chmod
cp
cpio
date
df
echo
ed
expr
hostname
intr
kill
ksh
ln
loadkeys
ls
mkdir
mount
mv
netconf
pax
printconfig
printroot
pwd
readclock
rm
rmdir
service
setup
sh
sleep
stty
sync
sysenv
tar
test
umount
update_bootcfg
updateboot
Makefile
adm
ast
benchmarks
bin
etc
games
include
lib
libdata
libexec
log
man
mdec
pkg
preserve
run
sbin
share
spool
tests
tmp
var
